[    0.000000] Initializing cgroup subsys cpuset
[    0.000000] Initializing cgroup subsys cpu
[    0.000000] Initializing cgroup subsys cpuacct
[    0.000000] Linux version 4.4.0-142-generic (buildd@lgw01-amd64-033) (gcc version 5.4.0 20160609 (Ubuntu 5.4.0-6ubuntu1~16.04.10) ) #168-Ubuntu SMP Wed Jan 16 21:00:45 UTC 2019 (Ubuntu 4.4.0-142.168-generic 4.4.167)
[    0.000000] Command line: BOOT_IMAGE=/boot/vmlinuz-4.4.0-142-generic root=LABEL=cloudimg-rootfs ro console=tty1 console=ttyS0
[    0.000000] KERNEL supported cpus:
[    0.000000]   Intel GenuineIntel
[    0.000000]   AMD AuthenticAMD
[    0.000000]   Centaur CentaurHauls
[    0.000000] x86/fpu: xstate_offset[2]:  576, xstate_sizes[2]:  256
[    0.000000] x86/fpu: Supporting XSAVE feature 0x01: 'x87 floating point registers'
[    0.000000] x86/fpu: Supporting XSAVE feature 0x02: 'SSE registers'
[    0.000000] x86/fpu: Supporting XSAVE feature 0x04: 'AVX registers'
[    0.000000] x86/fpu: Enabled xstate features 0x7, context size is 832 bytes, using 'standard' format.
[    0.000000] e820: BIOS-provided physical RAM map:
[    0.000000] BIOS-e820: [mem 0x0000000000000000-0x000000000009fbff] usable
[    0.000000] BIOS-e820: [mem 0x000000000009fc00-0x000000000009ffff] reserved
[    0.000000] BIOS-e820: [mem 0x00000000000f0000-0x00000000000fffff] reserved
[    0.000000] BIOS-e820: [mem 0x0000000000100000-0x000000003ffeffff] usable
[    0.000000] BIOS-e820: [mem 0x000000003fff0000-0x000000003fffffff] ACPI data
[    0.000000] BIOS-e820: [mem 0x00000000fec00000-0x00000000fec00fff] reserved
[    0.000000] BIOS-e820: [mem 0x00000000fee00000-0x00000000fee00fff] reserved
[    0.000000] BIOS-e820: [mem 0x00000000fffc0000-0x00000000ffffffff] reserved
[    0.000000] NX (Execute Disable) protection: active
[    0.000000] SMBIOS 2.5 present.
[    0.000000] Hypervisor detected: KVM
[    0.000000] e820: last_pfn = 0x3fff0 max_arch_pfn = 0x400000000
[    0.000000] MTRR: Disabled
[    0.000000] x86/PAT: MTRRs disabled, skipping PAT initialization too.
[    0.000000] CPU MTRRs all blank - virtualized system.
[    0.000000] x86/PAT: Configuration [0-7]: WB  WT  UC- UC  WB  WT  UC- UC  
[    0.000000] found SMP MP-table at [mem 0x0009fff0-0x0009ffff] mapped at [ffff88000009fff0]
[    0.000000] Scanning 1 areas for low memory corruption
[    0.000000] RAMDISK: [mem 0x36306000-0x3717afff]
[    0.000000] ACPI: Early table checksum verification disabled
[    0.000000] ACPI: RSDP 0x00000000000E0000 000024 (v02 VBOX  )
[    0.000000] ACPI: XSDT 0x000000003FFF0030 00003C (v01 VBOX   VBOXXSDT 00000001 ASL  00000061)
[    0.000000] ACPI: FACP 0x000000003FFF00F0 0000F4 (v04 VBOX   VBOXFACP 00000001 ASL  00000061)
[    0.000000] ACPI: DSDT 0x000000003FFF0470 0021FF (v02 VBOX   VBOXBIOS 00000002 INTL 20180105)
[    0.000000] ACPI: FACS 0x000000003FFF0200 000040
[    0.000000] ACPI: FACS 0x000000003FFF0200 000040
[    0.000000] ACPI: APIC 0x000000003FFF0240 00005C (v02 VBOX   VBOXAPIC 00000001 ASL  00000061)
[    0.000000] ACPI: SSDT 0x000000003FFF02A0 0001CC (v01 VBOX   VBOXCPUT 00000002 INTL 20180105)
[    0.000000] No NUMA configuration found
[    0.000000] Faking a node at [mem 0x0000000000000000-0x000000003ffeffff]
[    0.000000] NODE_DATA(0) allocated [mem 0x3ffeb000-0x3ffeffff]
[    0.000000] kvm-clock: Using msrs 4b564d01 and 4b564d00
[    0.000000] kvm-clock: cpu 0, msr 0:3ffe3001, primary cpu clock
[    0.000000] kvm-clock: using sched offset of 3023764096 cycles
[    0.000000] clocksource: kvm-clock: mask: 0xffffffffffffffff max_cycles: 0x1cd42e4dffb, max_idle_ns: 881590591483 ns
[    0.000000] Zone ranges:
[    0.000000]   DMA      [mem 0x0000000000001000-0x0000000000ffffff]
[    0.000000]   DMA32    [mem 0x0000000001000000-0x000000003ffeffff]
[    0.000000]   Normal   empty
[    0.000000]   Device   empty
[    0.000000] Movable zone start for each node
[    0.000000] Early memory node ranges
[    0.000000]   node   0: [mem 0x0000000000001000-0x000000000009efff]
[    0.000000]   node   0: [mem 0x0000000000100000-0x000000003ffeffff]
[    0.000000] Initmem setup node 0 [mem 0x0000000000001000-0x000000003ffeffff]
[    0.000000] ACPI: PM-Timer IO Port: 0x4008
[    0.000000] IOAPIC[0]: apic_id 2, version 32, address 0xfec00000, GSI 0-23
[    0.000000] ACPI: INT_SRC_OVR (bus 0 bus_irq 0 global_irq 2 dfl dfl)
[    0.000000] ACPI: INT_SRC_OVR (bus 0 bus_irq 9 global_irq 9 low level)
[    0.000000] Using ACPI (MADT) for SMP configuration information
[    0.000000] smpboot: Allowing 2 CPUs, 0 hotplug CPUs
[    0.000000] PM: Registered nosave memory: [mem 0x00000000-0x00000fff]
[    0.000000] PM: Registered nosave memory: [mem 0x0009f000-0x0009ffff]
[    0.000000] PM: Registered nosave memory: [mem 0x000a0000-0x000effff]
[    0.000000] PM: Registered nosave memory: [mem 0x000f0000-0x000fffff]
[    0.000000] e820: [mem 0x40000000-0xfebfffff] available for PCI devices
[    0.000000] Booting paravirtualized kernel on KVM
[    0.000000] clocksource: refined-jiffies: mask: 0xffffffff max_cycles: 0xffffffff, max_idle_ns: 7645519600211568 ns
[    0.000000] setup_percpu: NR_CPUS:512 nr_cpumask_bits:512 nr_cpu_ids:2 nr_node_ids:1
[    0.000000] PERCPU: Embedded 34 pages/cpu @ffff88003fc00000 s99480 r8192 d31592 u1048576
[    0.000000] Built 1 zonelists in Node order, mobility grouping on.  Total pages: 257912
[    0.000000] Policy zone: DMA32
[    0.000000] Kernel command line: BOOT_IMAGE=/boot/vmlinuz-4.4.0-142-generic root=LABEL=cloudimg-rootfs ro console=tty1 console=ttyS0
[    0.000000] PID hash table entries: 4096 (order: 3, 32768 bytes)
[    0.000000] Memory: 997728K/1048120K available (8603K kernel code, 1332K rwdata, 4004K rodata, 1484K init, 1316K bss, 50392K reserved, 0K cma-reserved)
[    0.000000] SLUB: HWalign=64, Order=0-3, MinObjects=0, CPUs=2, Nodes=1
[    0.000000] Kernel/User page tables isolation: enabled
[    0.000000] Hierarchical RCU implementation.
[    0.000000] 	Build-time adjustment of leaf fanout to 64.
[    0.000000] 	RCU restricting CPUs from NR_CPUS=512 to nr_cpu_ids=2.
[    0.000000] RCU: Adjusting geometry for rcu_fanout_leaf=64, nr_cpu_ids=2
[    0.000000] NR_IRQS:33024 nr_irqs:440 16
[    0.000000] Console: colour VGA+ 80x25
[    0.000000] console [tty1] enabled
[    0.000000] console [ttyS0] enabled
[    0.000000] tsc: Detected 3680.888 MHz processor
[    0.121250] Calibrating delay loop (skipped) preset value.. 7361.77 BogoMIPS (lpj=14723552)
[    0.122658] pid_max: default: 32768 minimum: 301
[    0.123434] ACPI: Core revision 20150930
[    0.124759] ACPI: 2 ACPI AML tables successfully acquired and loaded
[    0.125864] Security Framework initialized
[    0.126565] Yama: becoming mindful.
[    0.127192] AppArmor: AppArmor initialized
[    0.127940] Dentry cache hash table entries: 131072 (order: 8, 1048576 bytes)
[    0.129463] Inode-cache hash table entries: 65536 (order: 7, 524288 bytes)
[    0.130528] Mount-cache hash table entries: 2048 (order: 2, 16384 bytes)
[    0.131563] Mountpoint-cache hash table entries: 2048 (order: 2, 16384 bytes)
[    0.132751] Initializing cgroup subsys io
[    0.133902] Initializing cgroup subsys memory
[    0.135116] Initializing cgroup subsys devices
[    0.136328] Initializing cgroup subsys freezer
[    0.137056] Initializing cgroup subsys net_cls
[    0.137811] Initializing cgroup subsys perf_event
[    0.138585] Initializing cgroup subsys net_prio
[    0.139353] Initializing cgroup subsys hugetlb
[    0.140107] Initializing cgroup subsys pids
[    0.141732] mce: CPU supports 0 MCE banks
[    0.142440] Last level iTLB entries: 4KB 64, 2MB 8, 4MB 8
[    0.143316] Last level dTLB entries: 4KB 64, 2MB 0, 4MB 0, 1GB 4
[    0.144270] Spectre V2 : Mitigation: Full generic retpoline
[    0.145155] Spectre V2 : Spectre v2 / SpectreRSB mitigation: Filling RSB on context switch
[    0.146506] Speculative Store Bypass: Vulnerable
[    0.149011] Freeing SMP alternatives memory: 32K
[    0.153309] ftrace: allocating 32277 entries in 127 pages
[    0.192092] smpboot: APIC(0) Converting physical 0 to logical package 0
[    0.193982] smpboot: Max logical packages: 1
[    0.195577] x2apic enabled
[    0.196504] Switched APIC routing to physical x2apic.
[    0.198122] ..TIMER: vector=0x30 apic1=0 pin1=2 apic2=-1 pin2=-1
[    0.304628] smpboot: CPU0: Intel(R) Core(TM) i7-7700 CPU @ 3.60GHz (family: 0x6, model: 0x9e, stepping: 0x9)
[    0.314262] Performance Events: unsupported p6 CPU model 158 no PMU driver, software events only.
[    0.322909] KVM setup paravirtual spinlock
[    0.329420] x86: Booting SMP configuration:
[    0.330223] .... node  #0, CPUs:      #1
[    0.331098] kvm-clock: cpu 1, msr 0:3ffe3041, secondary cpu clock
[    0.332730] mce: CPU supports 0 MCE banks
[    0.335189] x86: Booted up 1 node, 2 CPUs
[    0.336012] smpboot: Total of 2 processors activated (14723.55 BogoMIPS)
[    0.337299] devtmpfs: initialized
[    0.339333] evm: security.selinux
[    0.339993] evm: security.SMACK64
[    0.340616] evm: security.SMACK64EXEC
[    0.341378] evm: security.SMACK64TRANSMUTE
[    0.342141] evm: security.SMACK64MMAP
[    0.342764] evm: security.ima
[    0.343341] evm: security.capability
[    0.344097] clocksource: jiffies: mask: 0xffffffff max_cycles: 0xffffffff, max_idle_ns: 7645041785100000 ns
[    0.346644] futex hash table entries: 512 (order: 3, 32768 bytes)
[    0.348234] pinctrl core: initialized pinctrl subsystem
[    0.349245] RTC time:  8:43:33, date: 03/04/19
[    0.350150] NET: Registered protocol family 16
[    0.359153] cpuidle: using governor ladder
[    0.371046] cpuidle: using governor menu
[    0.376924] PCCT header not found.
[    0.377638] ACPI: bus type PCI registered
[    0.378427] acpiphp: ACPI Hot Plug PCI Controller Driver version: 0.5
[    0.379702] PCI: Using configuration type 1 for base access
[    0.391420] ACPI: Added _OSI(Module Device)
[    0.392538] ACPI: Added _OSI(Processor Device)
[    0.393483] ACPI: Added _OSI(3.0 _SCP Extensions)
[    0.394380] ACPI: Added _OSI(Processor Aggregator Device)
[    0.395885] ACPI: Executed 1 blocks of module-level executable AML code
[    0.398736] ACPI: Interpreter enabled
[    0.399623] ACPI: (supports S0 S5)
[    0.400450] ACPI: Using IOAPIC for interrupt routing
[    0.401557] PCI: Using host bridge windows from ACPI; if necessary, use "pci=nocrs" and report a bug
[    0.405718] ACPI: PCI Root Bridge [PCI0] (domain 0000 [bus 00-ff])
[    0.406902] acpi PNP0A03:00: _OSC: OS supports [ASPM ClockPM Segments MSI]
[    0.408246] acpi PNP0A03:00: _OSC: not requesting OS control; OS requires [ExtendedConfig ASPM ClockPM MSI]
[    0.410487] acpi PNP0A03:00: fail to add MMCONFIG information, can't access extended PCI configuration space under this bridge.
[    0.412937] PCI host bridge to bus 0000:00
[    0.413737] pci_bus 0000:00: root bus resource [io  0x0000-0x0cf7 window]
[    0.419898] pci_bus 0000:00: root bus resource [io  0x0d00-0xffff window]
[    0.421166] pci_bus 0000:00: root bus resource [mem 0x000a0000-0x000bffff window]
[    0.422849] pci_bus 0000:00: root bus resource [mem 0x40000000-0xfdffffff window]
[    0.424622] pci_bus 0000:00: root bus resource [bus 00-ff]
[    0.426753] pci 0000:00:01.1: legacy IDE quirk: reg 0x10: [io  0x01f0-0x01f7]
[    0.428287] pci 0000:00:01.1: legacy IDE quirk: reg 0x14: [io  0x03f6]
[    0.429615] pci 0000:00:01.1: legacy IDE quirk: reg 0x18: [io  0x0170-0x0177]
[    0.431218] pci 0000:00:01.1: legacy IDE quirk: reg 0x1c: [io  0x0376]
[    0.440515] pci 0000:00:07.0: quirk: [io  0x4000-0x403f] claimed by PIIX4 ACPI
[    0.442351] pci 0000:00:07.0: quirk: [io  0x4100-0x410f] claimed by PIIX4 SMB
[    0.453066] ACPI: PCI Interrupt Link [LNKA] (IRQs 5 9 10 *11)
[    0.454767] ACPI: PCI Interrupt Link [LNKB] (IRQs 5 9 *10 11)
[    0.456467] ACPI: PCI Interrupt Link [LNKC] (IRQs 5 *9 10 11)
[    0.458143] ACPI: PCI Interrupt Link [LNKD] (IRQs 5 9 10 *11)
[    0.459586] ACPI: Enabled 2 GPEs in block 00 to 07
[    0.460927] vgaarb: setting as boot device: PCI:0000:00:02.0
[    0.462055] vgaarb: device added: PCI:0000:00:02.0,decodes=io+mem,owns=io+mem,locks=none
[    0.463985] vgaarb: loaded
[    0.464595] vgaarb: bridge control possible 0000:00:02.0
[    0.465757] SCSI subsystem initialized
[    0.466626] ACPI: bus type USB registered
[    0.467438] usbcore: registered new interface driver usbfs
[    0.468520] usbcore: registered new interface driver hub
[    0.469722] usbcore: registered new device driver usb
[    0.471119] PCI: Using ACPI for IRQ routing
[    0.472135] NetLabel: Initializing
[    0.472842] NetLabel:  domain hash size = 128
[    0.473821] NetLabel:  protocols = UNLABELED CIPSOv4
[    0.475124] NetLabel:  unlabeled traffic allowed by default
[    0.476239] amd_nb: Cannot enumerate AMD northbridges
[    0.477252] clocksource: Switched to clocksource kvm-clock
[    0.482438] AppArmor: AppArmor Filesystem Enabled
[    0.483409] pnp: PnP ACPI init
[    0.484591] pnp: PnP ACPI: found 3 devices
[    0.493927] clocksource: acpi_pm: mask: 0xffffff max_cycles: 0xffffff, max_idle_ns: 2085701024 ns
[    0.495767] NET: Registered protocol family 2
[    0.496764] TCP established hash table entries: 8192 (order: 4, 65536 bytes)
[    0.498183] TCP bind hash table entries: 8192 (order: 5, 131072 bytes)
[    0.499405] TCP: Hash tables configured (established 8192 bind 8192)
[    0.500694] UDP hash table entries: 512 (order: 2, 16384 bytes)
[    0.501793] UDP-Lite hash table entries: 512 (order: 2, 16384 bytes)
[    0.502972] NET: Registered protocol family 1
[    0.503988] pci 0000:00:00.0: Limiting direct PCI/PCI transfers
[    0.505129] pci 0000:00:01.0: Activating ISA DMA hang workarounds
[    0.506393] Unpacking initramfs...
[    0.648628] Freeing initrd memory: 14804K
[    0.650702] platform rtc_cmos: registered platform RTC device (no PNP device found)
[    0.652388] Scanning for low memory corruption every 60 seconds
[    0.653826] audit: initializing netlink subsys (disabled)
[    0.654856] audit: type=2000 audit(1551689017.575:1): initialized
[    0.656152] Initialise system trusted keyring
[    0.657112] HugeTLB registered 2 MB page size, pre-allocated 0 pages
[    0.659191] zbud: loaded
[    0.660010] VFS: Disk quotas dquot_6.6.0
[    0.660850] VFS: Dquot-cache hash table entries: 512 (order 0, 4096 bytes)
[    0.662613] squashfs: version 4.0 (2009/01/31) Phillip Lougher
[    0.663889] fuse init (API version 7.23)
[    0.664868] Key type big_key registered
[    0.665963] Allocating IMA MOK and blacklist keyrings.
[    0.667785] Key type asymmetric registered
[    0.668607] Asymmetric key parser 'x509' registered
[    0.669575] Block layer SCSI generic (bsg) driver version 0.4 loaded (major 249)
[    0.671069] io scheduler noop registered
[    0.671856] io scheduler deadline registered (default)
[    0.672851] io scheduler cfq registered
[    0.673701] pci_hotplug: PCI Hot Plug PCI Core version: 0.5
[    0.674743] pciehp: PCI Express Hot Plug Controller Driver version: 0.4
[    0.676022] ACPI: AC Adapter [AC] (on-line)
[    0.676884] input: Power Button as /devices/LNXSYSTM:00/LNXPWRBN:00/input/input0
[    0.678349] ACPI: Power Button [PWRF]
[    0.679130] input: Sleep Button as /devices/LNXSYSTM:00/LNXSLPBN:00/input/input1
[    0.680593] ACPI: Sleep Button [SLPF]
[    0.681447] GHES: HEST is not enabled!
[    0.682299] Serial: 8250/16550 driver, 32 ports, IRQ sharing enabled
[    0.704761] 00:02: ttyS0 at I/O 0x3f8 (irq = 4, base_baud = 115200) is a 16550A
[    0.708164] Linux agpgart interface v0.103
[    0.710338] loop: module loaded
[    0.711565] scsi host0: ata_piix
[    0.712583] scsi host1: ata_piix
[    0.713306] ata1: PATA max UDMA/33 cmd 0x1f0 ctl 0x3f6 bmdma 0xd000 irq 14
[    0.714681] ata2: PATA max UDMA/33 cmd 0x170 ctl 0x376 bmdma 0xd008 irq 15
[    0.716138] libphy: Fixed MDIO Bus: probed
[    0.717015] tun: Universal TUN/TAP device driver, 1.6
[    0.718008] tun: (C) 1999-2004 Max Krasnyansky <maxk@qualcomm.com>
[    0.719294] PPP generic driver version 2.4.2
[    0.720409] ehci_hcd: USB 2.0 'Enhanced' Host Controller (EHCI) Driver
[    0.721678] ehci-pci: EHCI PCI platform driver
[    0.722549] ehci-platform: EHCI generic platform driver
[    0.723635] ohci_hcd: USB 1.1 'Open' Host Controller (OHCI) Driver
[    0.724869] ohci-pci: OHCI PCI platform driver
[    0.725746] ohci-platform: OHCI generic platform driver
[    0.726778] uhci_hcd: USB Universal Host Controller Interface driver
[    0.728081] i8042: PNP: PS/2 Controller [PNP0303:PS2K,PNP0f03:PS2M] at 0x60,0x64 irq 1,12
[    0.730120] serio: i8042 KBD port at 0x60,0x64 irq 1
[    0.731143] serio: i8042 AUX port at 0x60,0x64 irq 12
[    0.732408] mousedev: PS/2 mouse device common for all mice
[    0.733785] input: AT Translated Set 2 keyboard as /devices/platform/i8042/serio0/input/input2
[    0.735818] rtc_cmos rtc_cmos: rtc core: registered rtc_cmos as rtc0
[    0.737116] rtc_cmos rtc_cmos: alarms up to one day, 114 bytes nvram
[    0.738322] i2c /dev entries driver
[    0.739105] device-mapper: uevent: version 1.0.3
[    0.740092] device-mapper: ioctl: 4.34.0-ioctl (2015-10-28) initialised: dm-devel@redhat.com
[    0.741779] ledtrig-cpu: registered to indicate activity on CPUs
[    0.743265] NET: Registered protocol family 10
[    0.744258] NET: Registered protocol family 17
[    0.745135] Key type dns_resolver registered
[    0.746492] registered taskstats version 1
[    0.747333] Loading compiled-in X.509 certificates
[    0.748625] Loaded X.509 cert 'Build time autogenerated kernel key: bff73e56bc0efa7435b2a24f5427674623f1be80'
[    0.750464] zswap: loaded using pool lzo/zbud
[    0.752732] Key type trusted registered
[    0.755892] Key type encrypted registered
[    0.757022] AppArmor: AppArmor sha1 policy hashing enabled
[    0.758067] ima: No TPM chip found, activating TPM-bypass!
[    0.759221] ima: Allocated hash algorithm: sha1
[    0.760159] evm: HMAC attrs: 0x1
[    0.761145]   Magic number: 11:810:724
[    0.761983] block loop4: hash matches
[    0.762889] rtc_cmos rtc_cmos: setting system clock to 2019-03-04 08:43:33 UTC (1551689013)
[    0.764767] BIOS EDD facility v0.16 2004-Jun-25, 0 devices found
[    0.765937] EDD information not available.
[    0.873628] Freeing unused kernel memory: 1484K
[    0.884126] Write protecting the kernel read-only data: 14336k
[    0.890801] Freeing unused kernel memory: 1624K
[    0.959847] Freeing unused kernel memory: 92K
Loading, please wait...
starting version 229
[    0.970368] random: systemd-udevd: uninitialized urandom read (16 bytes read, 1 bits of entropy available)
[    0.971703] random: udevadm: uninitialized urandom read (16 bytes read, 1 bits of entropy available)
[    0.971743] random: udevadm: uninitialized urandom read (16 bytes read, 1 bits of entropy available)
[    0.980477] random: udevadm: uninitialized urandom read (16 bytes read, 1 bits of entropy available)
[    0.980512] random: udevadm: uninitialized urandom read (16 bytes read, 1 bits of entropy available)
[    0.980616] random: udevadm: uninitialized urandom read (16 bytes read, 1 bits of entropy available)
[    0.980655] random: udevadm: uninitialized urandom read (16 bytes read, 1 bits of entropy available)
[    0.980695] random: udevadm: uninitialized urandom read (16 bytes read, 1 bits of entropy available)
[    0.980734] random: udevadm: uninitialized urandom read (16 bytes read, 1 bits of entropy available)
[    0.980771] random: udevadm: uninitialized urandom read (16 bytes read, 1 bits of entropy available)
[    1.063653] e1000: Intel(R) PRO/1000 Network Driver - version 7.3.21-k8-NAPI
[    1.103678] e1000: Copyright (c) 1999-2006 Intel Corporation.
[    1.108287] Fusion MPT base driver 3.04.20
[    1.109065] Copyright (c) 1999-2008 LSI Corporation
[    1.117806] Fusion MPT SPI Host driver 3.04.20
[    1.132990] AVX2 version of gcm_enc/dec engaged.
[    1.137655] AES CTR mode by8 optimization enabled
[    1.310124] input: ImExPS/2 Generic Explorer Mouse as /devices/platform/i8042/serio1/input/input4
[    1.458414] e1000 0000:00:03.0 eth0: (PCI:33MHz:32-bit) 02:82:01:2e:28:d8
[    1.566246] e1000 0000:00:03.0 eth0: Intel(R) PRO/1000 Network Connection
[    1.568278] e1000 0000:00:03.0 enp0s3: renamed from eth0
[    1.569265] mptbase: ioc0: Initiating bringup
[    1.633472] ioc0: [    1.650232] clocksource: tsc: mask: 0xffffffffffffffff max_cycles: 0x6a1da0c9b69, max_idle_ns: 881591132585 ns

[    1.750047] LSI53C1030 A0: Capabilities={Initiator}
[    1.916550] scsi host2: ioc0: LSI53C1030 A0, FwRev=00000000h, Ports=1, MaxQ=256, IRQ=20
[    2.049969] scsi 2:0:0:0: Direct-Access     VBOX     HARDDISK         1.0  PQ: 0 ANSI: 5
[    2.058235] scsi target2:0:0: Beginning Domain Validation
[    2.061959] scsi target2:0:0: Domain Validation skipping write tests
[    2.571814] scsi target2:0:0: Ending Domain Validation
[    2.573735] scsi target2:0:0: asynchronous
[    2.574847] scsi 2:0:1:0: Direct-Access     VBOX     HARDDISK         1.0  PQ: 0 ANSI: 5
[    2.576121] scsi target2:0:1: Beginning Domain Validation
[    2.577428] scsi target2:0:1: Domain Validation skipping write tests
[    2.578352] scsi target2:0:1: Ending Domain Validation
[    2.579172] scsi target2:0:1: asynchronous
[    2.583276] sd 2:0:0:0: [sda] 20971520 512-byte logical blocks: (10.7 GB/10.0 GiB)
[    2.583317] sd 2:0:0:0: Attached scsi generic sg0 type 0
[    2.583686] sd 2:0:1:0: Attached scsi generic sg1 type 0
[    2.583855] sd 2:0:1:0: [sdb] 20480 512-byte logical blocks: (10.5 MB/10.0 MiB)
[    2.583945] sd 2:0:1:0: [sdb] Write Protect is off
[    2.583996] sd 2:0:1:0: [sdb] Incomplete mode parameter data
[    2.583997] sd 2:0:1:0: [sdb] Assuming drive cache: write through
[    2.585340] sd 2:0:1:0: [sdb] Attached SCSI disk
[    2.599405] sd 2:0:0:0: [sda] Write Protect is off
[    2.600358] sd 2:0:0:0: [sda] Incomplete mode parameter data
[    2.601468] sd 2:0:0:0: [sda] Assuming drive cache: write through
[    2.603578]  sda: sda1
[    2.604416] sd 2:0:0:0: [sda] Attached SCSI disk
Begin: Loading essential drivers ... [    3.859725] md: linear personality registered for level -1
[    3.862584] md: multipath personality registered for level -4
[    3.865271] md: raid0 personality registered for level 0
[    3.868690] md: raid1 personality registered for level 1
[    3.937520] raid6: sse2x1   gen() 14534 MB/s
[    4.114797] raid6: sse2x1   xor() 10884 MB/s
[    4.183271] raid6: sse2x2   gen() 18294 MB/s
[    4.250039] raid6: sse2x2   xor() 12390 MB/s
[    4.359328] raid6: sse2x4   gen() 20647 MB/s
[    4.486471] raid6: sse2x4   xor() 13425 MB/s
[    4.554909] raid6: avx2x1   gen() 29457 MB/s
[    4.623397] raid6: avx2x2   gen() 34083 MB/s
[    4.691864] raid6: avx2x4   gen() 36794 MB/s
[    4.692789] raid6: using algorithm avx2x4 gen() 36794 MB/s
[    4.693871] raid6: using avx2x2 recovery algorithm
[    4.695707] xor: automatically using best checksumming function:
[    4.733261]    avx       : 31399.000 MB/sec
[    4.739063] async_tx: api initialized (async)
[    4.746601] md: raid6 personality registered for level 6
[    4.747860] md: raid5 personality registered for level 5
[    4.748763] md: raid4 personality registered for level 4
[    4.753968] md: raid10 personality registered for level 10
done.
Begin: Running /scripts/init-premount ... done.
Begin: Mounting root file system ... Begin: Running /scripts/local-top ... done.
Begin: Running /scripts/local-premount ... [    4.830051] Btrfs loaded
Scanning for Btrfs filesystems
done.
Warning: fsck no[    4.851291] EXT4-fs (sda1): mounted filesystem with ordered data mode. Opts: (null)
t present, so skipping root file system
done.
Begin: Running /scripts/local-bottom ... done.
Begin: Running /scripts/init-bottom ... done.
[    4.911255] systemd[1]: systemd 229 running in system mode. (+PAM +AUDIT +SELINUX +IMA +APPARMOR +SMACK +SYSVINIT +UTMP +LIBCRYPTSETUP +GCRYPT +GNUTLS +ACL +XZ -LZ4 +SECCOMP +BLKID +ELFUTILS +KMOD -IDN)
[    4.913914] systemd[1]: Detected virtualization oracle.
[    4.914780] systemd[1]: Detected architecture x86-64.

Welcome to [1mUbuntu 16.04.5 LTS[0m!

[    4.916954] systemd[1]: Set hostname to <ubuntu>.
[    4.918342] systemd[1]: Initializing machine ID from random generator.
[    4.936835] systemd[1]: Installed transient /etc/machine-id file.
[    5.012388] systemd[1]: Started Trigger resolvconf update for networkd DNS.
[[0;32m  OK  [0m] Started Trigger resolvconf update for networkd DNS.
[    5.014437] systemd[1]: Started Forward Password Requests to Wall DirectoryWWatch.
[[0;32m  OK  [0m] Started Forward Password Requests to Wall Directory Watch.
[    5.065382] systemd[1]: Reached target Encrypted Volumes.
[[0;32m  OK  [0m] Reached target Encrypted Volumes.
[    5.066989] systemd[1]: Listening on Device-mapper event daemon FIFOs.
[[0;32m  OK  [0m] Listening on Device-mapper event daemon FIFOs.
[    5.068826] systemd[1]: Listening on Journal Socket (/dev/log).
[[0;32m  OK  [0m] Listening on Journal Socket (/dev/log).
[    5.070494] systemd[1]: Reached target User and Group Name Lookups.
[[0;32m  OK  [0m] Reached target User and Group Name Lookups.
[    5.072492] systemd[1]: Set up automount Arbitrary Executable File Formats File System Automount Point.
[[0;32m  OK  [0m] Set up automount Arbitrary Executab...ats File System Automount Point.
[    5.075610] systemd[1]: Listening on Syslog Socket.
[[0;32m  OK  [0m] Listening on Syslog Socket.
[    5.094616] systemd[1]: Listening on udev Kernel Socket.
[[0;32m  OK  [0m] Listening on udev Kernel Socket.
[    5.096433] systemd[1]: Reached target Swap.
[[0;32m  OK  [0m] Reached target Swap.
[    5.097997] systemd[1]: Listening on udev Control Socket.
[[0;32m  OK  [0m] Listening on udev Control Socket.
[    5.099785] systemd[1]: Reached target System Time Synchronized.
[[0;32m  OK  [0m] Reached target System Time Synchronized.
[    5.101769] systemd[1]: Listening on LVM2 poll daemon socket.
[[0;32m  OK  [0m] Listening on LVM2 poll daemon socket.
[    5.103797] systemd[1]: Listening on /dev/initctl Compatibility Named Pipe.
[[0;32m  OK  [0m] Listening on /dev/initctl Compatibility Named Pipe.
[    5.106087] systemd[1]: Listening on LVM2 metadata daemon socket.
[[0;32m  OK  [0m] Listening on LVM2 metadata daemon socket.
[    5.108033] systemd[1]: Listening on Journal Socket.
[[0;32m  OK  [0m] Listening on Journal Socket.
[    5.109897] systemd[1]: Created slice User and Session Slice.
[[0;32m  OK  [0m] Created slice User and Session Slice.
[    5.111884] systemd[1]: Created slice System Slice.
[[0;32m  OK  [0m] Created slice System Slice.
[    5.125307] systemd[1]: Mounting POSIX Message Queue File System...
         Mounting POSIX Message Queue File System...
[    5.127752] systemd[1]: Mounting Huge Pages File System...
         Mounting Huge Pages File System...
[    5.130170] systemd[1]: Starting Monitoring of LVM2 mirrors, snapshots etc. using dmeventd or progress polling...
         Starting Monitoring of LVM2 mirrors... dmeventd or progress polling...
[    5.133549] systemd[1]: Starting Set console keymap...
         Starting Set console keymap...
[    5.143876] systemd[1]: Reached target Slices.
[[0;32m  OK  [0m] Reached target Slices.
[    5.151115] systemd[1]: Starting Remount Root and Kernel File Systems...
         Starting Remount Root and Kernel File Systems...
[    5.153198] systemd[1]: Created slice system-serial\x2dgetty.slice.
[[0;32m  OK  [0m] Created slice system-serial\x2dgetty.slice.
[    5.155840] systemd[1]: Starting Uncomplicated firewall...
[    5.156849] EXT4-fs (sda1): re-mounted. Opts: (null)
         Starting Uncomplicated firewall...
[    5.159790] systemd[1]: Mounting Debug File System...
         Mounting Debug File System...
[    5.162666] systemd[1]: Starting Load Kernel Modules...
         Starting Load Kernel Modules...
[    5.165026] systemd[1]: Starting Create list of required static device nodes for the current kernel...
         Starting Create list of required st... nodes for the current kernel...
[    5.168026] systemd[1]: Starting Nameserver information manager...
         Starting Nameserver information manager...
[    5.171484] systemd[1]: Listening on Journal Audit Socket.
[[0;32m  OK  [0m] Listening on Journal Audit Socket.
[    5.173183] Loading iSCSI transport class v2.0-870.
[    5.173521] systemd[1]: Starting Journal Service...
         Starting Journal Service...
[    5.177023] systemd[1]: Mounted Huge Pages File System.
[[0;32m  OK  [0m] Mounted Huge Pages File System.
[    5.178702] systemd[1]: Mounted POSIX Message Queue File System.
[[0;32m  OK  [0m] Mounted POSIX Message Queue File System.
[    5.180756] systemd[1]: Mounted Debug File System.
[[0;32m  OK  [0m] Mounted Debug File System.
[    5.182703] systemd[1]: Started Set console keymap.
[[0;32m  OK  [0m] Started Set console keymap.
[    5.185182] systemd[1]: Started Remount Root and Kernel File Systems.
[    5.193999] iscsi: registered transport (tcp)
[[0;32m  OK  [0m] Started Remount Root and Kernel File Systems.
[    5.195852] systemd[1]: Started Uncomplicated firewall.
[[0;32m  OK  [0m] Started Uncomplicated firewall.
[    5.197881] systemd[1]: Started Create list of required static device nodes for the current kernel.
[[0;32m  OK  [0m] Started Create list of required sta...ce nodes for the current kernel.
[    5.210816] iscsi: registered transport (iser)
[    5.214269] systemd[1]: Started Journal Service.
[[0;32m  OK  [0m] Started Journal Service.
[[0;32m  OK  [0m] Started Load Kernel Modules.
[[0;32m  OK  [0m] Started Nameserver information manager.
[[0;32m  OK  [0m] Started LVM2 metadata daemon.
         Mounting FUSE Control File System...
         Starting Apply Kernel Variables...
         Starting Create Static Device Nodes in /dev...
         Starting Flush Journal to Persistent Storage...
         Starting udev Coldplug all Devices...
         Starting Load/Save Random Seed...
[[0;32m  OK  [0m] Mounted FUSE Control File System.
[[0;32m  OK  [0m] Started Apply Kernel Variables.
[[0;32m  OK  [0m] Started Create Static Device Nodes in /dev.
[[0;32m  OK  [0m] Started Load/Save Random Seed.
[[0;32m  OK  [0m] Started Monitoring of LVM2 mirrors,...ng dmeventd or progress polling.
[[0;32m  OK  [0m] Started Flush Journal to Persistent Storage.
[[0;32m  OK  [0m] Started udev Coldplug all Devices.
[[0;32m  OK  [0m] Reached target Local File Systems (Pre).
[[0;32m  OK  [0m] Reached target Local File Systems.
         Starting Create Volatile Files and Directories...
         Starting Commit a transient machine-id on disk...
         Starting Tell Plymouth To Write Out Runtime Data...
         Starting Set console font and keymap...
         Starting LSB: AppArmor initialization...
         Starting Initial cloud-init job (pre-networking)...
         Starting udev Kernel Device Manager...
[[0;32m  OK  [0m] Started udev Kernel Device Manager.
[[0;32m  OK  [0m] Started Create Volatile Files and Directories.
[[0;32m  OK  [0m] Started Commit a transient machine-id on disk.
[[0;32m  OK  [0m] Started Tell Plymouth To Write Out Runtime Data.
[[0;32m  OK  [0m] Started Set console font and keymap.
[[0;32m  OK  [0m] Created slice system-getty.slice.
         Starting Update UTMP about System Boot/Shutdown...
[[0;32m  OK  [0m] Started Dispatch Password Requests to Console Directory Watch.
[[0;32m  OK  [0m] Started Update UTMP about System Boot/Shutdown.
[[0;32m  OK  [0m] Found device /dev/ttyS0.
[[0;32m  OK  [0m] Listening on Load/Save RF Kill Switch Status /dev/rfkill Watch.
[    5.846063] cloud-init[503]: Cloud-init v. 18.4-0ubuntu1~16.04.2 running 'init-local' at Mon, 04 Mar 2019 08:43:38 +0000. Up 5.58 seconds.
[[0;32m  OK  [0m] Started Initial cloud-init job (pre-networking).
[[0;32m  OK  [0m] Started LSB: AppArmor initialization.
[[0;32m  OK  [0m] Reached target Network (Pre).
         Starting Raise network interfaces...
[[0;32m  OK  [0m] Started Raise network interfaces.
[[0;32m  OK  [0m] Reached target Network.
         Starting Initial cloud-init job (metadata service crawler)...
[    6.718098] cloud-init[931]: Cloud-init v. 18.4-0ubuntu1~16.04.2 running 'init' at Mon, 04 Mar 2019 08:43:39 +0000. Up 6.44 seconds.
[    6.740231] cloud-init[931]: ci-info: +++++++++++++++++++++++++++++++++++++Net device info++++++++++++++++++++++++++++++++++++++
[    6.742288] cloud-init[931]: ci-info: +--------+------+---------------------------+---------------+--------+-------------------+
[    6.744096] cloud-init[931]: ci-info: | Device |  Up  |          Address          |      Mask     | Scope  |     Hw-Address    |
[    6.746028] cloud-init[931]: ci-info: +--------+------+---------------------------+---------------+--------+-------------------+
[    6.747911] cloud-init[931]: ci-info: | enp0s3 | True |         10.0.2.15         | 255.255.255.0 | global | 02:82:01:2e:28:d8 |
[    6.750023] cloud-init[931]: ci-info: | enp0s3 | True | fe80::82:1ff:fe2e:28d8/64 |       .       |  link  | 02:82:01:2e:28:d8 |
[    6.751738] cloud-init[931]: ci-info: |   lo   | True |         127.0.0.1         |   255.0.0.0   |  host  |         .         |
[    6.753701] cloud-init[931]: ci-info: |   lo   | True |          ::1/128          |       .       |  host  |         .         |
[    6.755440] cloud-init[931]: ci-info: +--------+------+---------------------------+---------------+--------+-------------------+
[    6.757291] cloud-init[931]: ci-info: +++++++++++++++++++++++++++Route IPv4 info++++++++++++++++++++++++++++
[    6.759067] cloud-init[931]: ci-info: +-------+-------------+----------+---------------+-----------+-------+
[    6.760724] cloud-init[931]: ci-info: | Route | Destination | Gateway  |    Genmask    | Interface | Flags |
[    6.762462] cloud-init[931]: ci-info: +-------+-------------+----------+---------------+-----------+-------+
[    6.764197] cloud-init[931]: ci-info: |   0   |   0.0.0.0   | 10.0.2.2 |    0.0.0.0    |   enp0s3  |   UG  |
[    6.765820] cloud-init[931]: ci-info: |   1   |   10.0.2.0  | 0.0.0.0  | 255.255.255.0 |   enp0s3  |   U   |
[    6.768544] cloud-init[931]: ci-info: +-------+-------------+----------+---------------+-----------+-------+
[    6.770146] cloud-init[931]: ci-info: +++++++++++++++++++Route IPv6 info+++++++++++++++++++
[[0;32m  OK  [0m] Started Initial cloud-init job (metadata service crawler).
[[0;32m  OK  [0m] Reached target Cloud-config availability.
[[0;32m  OK  [0m] Reached target System Initialization.
[[0;32m  OK  [0m] Started Daily Cleanup of Temporary Directories.
[    6.771514] cloud-init[931]: ci-info: +-------+-------------+---------+-----------+-------+
         Starting LXD - unix socket.
[[0;32m  OK  [0m] Started Daily apt download activities.
[[0;32m  OK  [0m] Listening on D-Bus System Message Bus Socket.
[[0;32m  OK  [0m] Listening on ACPID Listen Socket.
[    6.788348] cloud-init[931]: ci-info: | Route | Destination | Gateway | Interface | Flags |
[    6.804188] cloud-init[931]: ci-info: +-------+-------------+---------+-----------+-------+
[    6.808039] [cloud-init[931]: ci-info: |   0   |  fe80::/64  |    ::   |   enp0s3  |   U   |
[0;32m  OK  [0m[    6.808569] cloud-init[931]: ci-info: |   3   |   ff00::/8  |    ::   |   enp0s3  |   U   |
] [    6.809556] cloud-init[931]: ci-info: +-------+-------------+---------+-----------+-------+
Listening on UUID daemon activation socket.
[    6.809971] cloud-init[931]: Generating public/private rsa key pair.
[    6.821331] cloud-init[931]: Your identification has been saved in /etc/ssh/ssh_host_rsa_key.
         [    6.821495] cloud-init[931]: Your public key has been saved in /etc/ssh/ssh_host_rsa_key.pub.
Starting Socket activation for snappy daemon.[    6.822601] cloud-init[931]: The key fingerprint is:

[    6.824099] cloud-init[931]: SHA256:nS+bBCy2insHVuh/ZvWrKpXRTJoIY0kVvwhP1ZIOwo8 root@ubuntu-xenial
[    6.826023] cloud-init[931]: The key's randomart image is:
[[    6.826247] cloud-init[931]: +---[RSA 2048]----+
[0;32m  OK  [0m[    6.827026] cloud-init[931]: |   o.oo..o       |
] [    6.827824] cloud-init[931]: |    B .oo o      |
Started Daily apt upgrade and clean activities.[    6.828453] cloud-init[931]: |   ..B.+.B       |

[    6.829458] cloud-init[931]: |    E++o=oo.     |
[    6.830691] cloud-init[931]: |   . .= Soo      |
[[    6.831008] cloud-init[931]: |    +. oo...     |
[0;32m  OK  [0m[    6.831491] cloud-init[931]: |   . o.. .o..    |
] [    6.832251] cloud-init[931]: |   ...+ +. +.    |
Reached target Timers.[    6.832857] cloud-init[931]: |  oo.. =..+...   |

[    6.833647] cloud-init[931]: +----[SHA256]-----+
[    6.834856] cloud-init[[931]: Generating public/private dsa key pair.
[0;32m  OK  [0m[    6.835822] cloud-init[931]: ] Your identification has been saved in /etc/ssh/ssh_host_dsa_key.
Started ACPI Events Check.[    6.836924] cloud-init[931]: Your public key has been saved in /etc/ssh/ssh_host_dsa_key.pub.

[    6.838272] cloud-init[931]: The key fingerprint is:
[    6.839537] cloud-init[931]: SHA256:qMEu56jR5zzLFcyIJIcG6C176UnDeQXscwp0qnfh3vk root@ubuntu-xenial
[[    6.839872] cloud-init[931]: The key's randomart image is:
[0;32m  OK  [0m] [    6.840985] cloud-init[931]: +---[DSA 1024]----+
Reached target Paths.[    6.841962] cloud-init[931]: |o   .            |

[    6.842813] cloud-init[931]: |o. . +           |
[[    6.843338] cloud-init[931]: |+.= + .          |
[0;32m  OK  [0m[    6.864525] cloud-init[931]: |.* * B +         |
] [    6.865477] cloud-init[931]: |  * O @ S        |
Reached target Network is Online.[    6.866217] cloud-init[931]: | + X B .         |

[    6.867501] cloud-init[931]: |. B @ o .        |
[    6.868906] cloud-init[931]: | . %.o o         |
[    6.874962] cloud-init[931]: |... *o  .E       |
[    6.875802] cloud-init[931]: +----[SHA256]-----+
[    6.876646] cloud-init[931]: Generating public/private ecdsa key pair.
[    6.877822] cloud-init[931]: Your identification has been saved in /etc/ssh/ssh_host_ecdsa_key.
[    6.880121] cloud-init[931]: Your public key has been saved in /etc/ssh/ssh_host_ecdsa_key.pub.
[    6.881518] cloud-init[931]: The key fingerprint is:
[    6.882397] cloud-init[931]: SHA256:k4yiKsapGcZFJT+/7pKGA6/qsRJ/SnTZiUHu2d8RoWk root@ubuntu-xenial
[    6.883783] cloud-init[931]: The key's randomart image is:
[    6.884734] cloud-init[931]: +---[ECDSA 256]---+
[    6.885594] cloud-init[931]: |   ...    .      |
[    6.886404] cloud-init[931]: |   o+    o .     |
[    6.887245] cloud-init[931]: |   .oo  E .      |
[    6.888031] cloud-init[931]: |  .. Bo= . .     |
[    6.889074] cloud-init[931]: |  ..B =.S .      |
[    6.889906]          Starting iSCSI initiator daemon (iscsid)...
cloud-init[931]: |oo.o . ..o .     |
[    6.891669] cloud-init[931]: |o** . ... .      |
[[0;32m  OK  [0m] Listening on LXD - unix socket.
[    6.892561] cloud-init[931]: |+O++.+.          |
[    6.894259] cloud-init[931]: |%+ooo oo         |
[[    6.894422] cloud-init[931]: +----[SHA256]-----+
[0;32m  OK  [0m[    6.895033] cloud-init[931]: Generating public/private ed25519 key pair.
] [    6.896913] cloud-init[931]: Your identification has been saved in /etc/ssh/ssh_host_ed25519_key.
Listening on Socket activation for snappy daemon.[    6.897835] cloud-init[931]: Your public key has been saved in /etc/ssh/ssh_host_ed25519_key.pub.

[    6.899153] cloud-init[931]: The key fingerprint is:
[    6.899582] cloud-init[931]: SHA256:l74FK9ZJoFUlWZsy1Pz2AEux+eig1jxO4mXHdw8qQgM root@ubuntu-xenial
[    6.906434] cloud-init[931]: The key's randomart image is:
[    6.907581] cloud-init[931]: +--[ED25519 256]--+
[    6.909338] cloud-init[931]: |          +*+.   |
[    6.910340] cloud-init[931]: |         o..==   |
[    6.911246] cloud-init[931]: |        o o.=+   |
[    6.912278] cloud-init[931]: |      Eo . +.o+  |
[    6.913178] cloud-init[931]: |      ..S * ...o |
[    6.914109] cloud-init[931]: |        oO B    .|
[    6.915019] cloud-init[931]: |       .*.% = o .|
[[    6.915911] cloud-init[931]: |       +.B.= o o.|
[0;32m  OK  [0m[    6.916186] cloud-init[931]: |        ..o..   .|
] [    6.917092] cloud-init[931]: +----[SHA256]-----+
Started iSCSI initiator daemon (iscsid).
         Starting Login to default iSCSI targets...
[[0;32m  OK  [0m] Reached target Sockets.
[[0;32m  OK  [0m] Reached target Basic System.
[[0;32m  OK  [0m] Started FUSE filesystem for LXC.
[[0;32m  OK  [0m] Started ACPI event daemon.
[[0;32m  OK  [0m] Started Unattended Upgrades Shutdown.
         Starting Pollinate to seed the pseudo random number generator...
[[0;32m  OK  [0m] Started Regular background program processing daemon.
         Starting LSB: MD monitoring daemon...
         Starting /etc/rc.local Compatibility...
         Starting System Logging Service...
         Starting Login Service...
         Starting Accounts Service...
[[0;32m  OK  [0m] Started Deferred execution scheduler.
[[0;32m  OK  [0m] Started D-Bus System Message Bus.
         Starting Snappy daemon...
         Starting LSB: Record successful boot for GRUB...
         Starting Virtualbox guest utils...
         Starting LXD - container startup/shutdown...
[[0;32m  OK  [0m] Started System Logging Service.
[[0;32m  OK  [0m] Started /etc/rc.local Compatibility.
[[0;32m  OK  [0m] Started Login to default iSCSI targets.
[[0;32m  OK  [0m] Started LSB: MD monitoring daemon.
[[0;32m  OK  [0m] Started LXD - container startup/shutdown.
[[0;32m  OK  [0m] Started Login Service.
[[0;32m  OK  [0m] Started LSB: Record successful boot for GRUB.
         Starting Authenticate and Authorize Users to Run Privileged Tasks...
[[0;32m  OK  [0m] Reached target Remote File Systems (Pre).
[[0;32m  OK  [0m] Reached target Remote File Systems.
         Starting LSB: Set the CPU Frequency Scaling governor to "ondemand"...
         Starting Permit User Sessions...
         Starting LSB: daemon to balance interrupts for SMP systems...
         Starting LSB: automatic crash report generation...
[[0;32m  OK  [0m] Started Virtualbox guest utils.
[[0;32m  OK  [0m] Started Permit User Sessions.
[[0;32m  OK  [0m] Started Authenticate and Authorize Users to Run Privileged Tasks.
[[0;32m  OK  [0m] Started Accounts Service.
[[0;32m  OK  [0m] Started Snappy daemon.
         Starting Wait until snapd is fully seeded...
         Starting Hold until boot process finishes up...
         Starting Terminate Plymouth Boot Screen...
[[0;32m  OK  [0m] Started LSB: Set the CPU Frequency Scaling governor to "ondemand".
[[0;32m  OK  [0m] Started LSB: daemon to balance interrupts for SMP systems.
[[0;32m  OK  [0m] Started LSB: automatic crash report generation.
[[0;32m  OK  [0m] Started Hold until boot process finishes up.
[[0;32m  OK  [0m] Started Terminate Plymouth Boot Screen.
[[0;32m  OK  [0m] Started Getty on tty1.
         Starting Set console scheme...
[[0;32m  OK  [0m] Started Serial Getty on ttyS0.
[[0;32m  OK  [0m] Reached target Login Prompts.
[[0;32m  OK  [0m] Started Set console scheme.
[[0;32m  OK  [0m] Started Pollinate to seed the pseudo random number generator.
         Starting OpenBSD Secure Shell server...
[[0;32m  OK  [0m] Started OpenBSD Secure Shell server.
[[0;32m  OK  [0m] Started Wait until snapd is fully seeded.
[[0;32m  OK  [0m] Reached target Multi-User System.
[[0;32m  OK  [0m] Reached target Graphical Interface.
         Starting Update UTMP about System Runlevel Changes...
         Starting Apply the settings specified in cloud-config...
[[0;32m  OK  [0m] Started Update UTMP about System Runlevel Changes.
[    8.450063] cloud-init[1252]: Generating locales (this might take a while)...
[    8.880878] cloud-init[1252]:   en_US.UTF-8... done
[    8.883009] cloud-init[1252]: Generation complete.
[    9.040357] cloud-init[1252]: Cloud-init v. 18.4-0ubuntu1~16.04.2 running 'modules:config' at Mon, 04 Mar 2019 08:43:41 +0000. Up 8.39 seconds.
[[0;32m  OK  [0m] Started Apply the settings specified in cloud-config.
         Starting Execute cloud user/final scripts...
ci-info: no authorized ssh keys fingerprints found for user ubuntu.
<14>Mar  4 08:43:42 ec2: 
<14>Mar  4 08:43:42 ec2: #############################################################
<14>Mar  4 08:43:42 ec2: -----BEGIN SSH HOST KEY FINGERPRINTS-----
<14>Mar  4 08:43:42 ec2: 1024 SHA256:qMEu56jR5zzLFcyIJIcG6C176UnDeQXscwp0qnfh3vk root@ubuntu-xenial (DSA)
<14>Mar  4 08:43:42 ec2: 256 SHA256:k4yiKsapGcZFJT+/7pKGA6/qsRJ/SnTZiUHu2d8RoWk root@ubuntu-xenial (ECDSA)
<14>Mar  4 08:43:42 ec2: 256 SHA256:l74FK9ZJoFUlWZsy1Pz2AEux+eig1jxO4mXHdw8qQgM root@ubuntu-xenial (ED25519)
<14>Mar  4 08:43:42 ec2: 2048 SHA256:nS+bBCy2insHVuh/ZvWrKpXRTJoIY0kVvwhP1ZIOwo8 root@ubuntu-xenial (RSA)
<14>Mar  4 08:43:42 ec2: -----END SSH HOST KEY FINGERPRINTS-----
<14>Mar  4 08:43:42 ec2: #############################################################
-----BEGIN SSH HOST KEY KEYS-----
ecdsa-sha2-nistp256 AAAAE2VjZHNhLXNoYTItbmlzdHAyNTYAAAAIbmlzdHAyNTYAAABBBAY5XDL+DL7mTdZvOmOeW+gP/lxq8BKfciHGBMflrsSrXV3HZWg9bPXiPM4vO4UBoTBYep09qoSUmr/GYz+Rjmc= root@ubuntu-xenial
ssh-ed25519 AAAAC3NzaC1lZDI1NTE5AAAAIOuv7P0TSZGQWnkm8L2SN2MuYKGMdK8wOgod5eVoMqxi root@ubuntu-xenial
ssh-rsa AAAAB3NzaC1yc2EAAAADAQABAAABAQDig0pUbbms2Mt7K3cSwu1tGCh0pYloRBtCPHlZh/gsh1vED6JEoEZhxKqglCIVw+EHlzupYAceVfM+ai7x17GqDfRY2/mqLL11X/rpX1oFLrvbSawnDVTtzp8baF3YxJpOjiGUw+r/9ZjxeAsXFvHbFCcKaiBY3bHYB+5c4zlUX4Sz0erjl6F7sMuPsFT9W4RJr5QhIlzxjReEgzyxffaPTnolHn5TilqKUygs/VXG6SA0UR8VK+0mLN1YQJGEDTJDtYpPi5hhUvnPNkF5pFFHJVkPEwJK6e9zwWGPjaE/6fEZ5t0GxbnnZGLFOhNw/Okb45hCRaFYRNQPMhkdAJqh root@ubuntu-xenial
-----END SSH HOST KEY KEYS-----
[    9.369083] cloud-init[1294]: Cloud-init v. 18.4-0ubuntu1~16.04.2 running 'modules:final' at Mon, 04 Mar 2019 08:43:42 +0000. Up 9.24 seconds.
[    9.370924] cloud-init[1294]: ci-info: no authorized ssh keys fingerprints found for user ubuntu.
[    9.372225] cloud-init[1294]: Cloud-init v. 18.4-0ubuntu1~16.04.2 finished at Mon, 04 Mar 2019 08:43:42 +0000. Datasource DataSourceNoCloud [seed=/dev/sdb][dsmode=net].  Up 9.36 seconds
[[0;32m  OK  [0m] Started Execute cloud user/final scripts.
[[0;32m  OK  [0m] Reached target Cloud-init target.

Ubuntu 16.04.5 LTS ubuntu-xenial ttyS0

ubuntu-xenial login: 